Archive member included to satisfy reference by file (symbol)

../../Lib\libLiftLibrary.a(LiftLibrary.o)
                              MotorCtrl.o (SetState)
c:/program files (x86)/atmel/studio/7.0/toolchain/avr8/avr8-gnu-toolchain/bin/../lib/gcc/avr/5.4.0/avr5\libgcc.a(_udivmodqi4.o)
                              MotorCtrl.o (__udivmodqi4)
c:/program files (x86)/atmel/studio/7.0/toolchain/avr8/avr8-gnu-toolchain/bin/../lib/gcc/avr/5.4.0/avr5\libgcc.a(_exit.o)
                              c:/program files (x86)/atmel/studio/7.0/toolchain/avr8/avr8-gnu-toolchain/bin/../lib/gcc/avr/5.4.0/../../../../avr/lib/avr5/crtatmega32.o (exit)
c:/program files (x86)/atmel/studio/7.0/toolchain/avr8/avr8-gnu-toolchain/bin/../lib/gcc/avr/5.4.0/avr5\libgcc.a(_copy_data.o)
                              MotorCtrl.o (__do_copy_data)
c:/program files (x86)/atmel/studio/7.0/toolchain/avr8/avr8-gnu-toolchain/bin/../lib/gcc/avr/5.4.0/avr5\libgcc.a(_clear_bss.o)
                              ../../Lib\libLiftLibrary.a(LiftLibrary.o) (__do_clear_bss)

Allocating common symbols
Common symbol       size              file

USART_rxBuffer      0x20              ../../Lib\libLiftLibrary.a(LiftLibrary.o)
liftDoorState       0x8               ../../Lib\libLiftLibrary.a(LiftLibrary.o)

Discarded input sections

 .data          0x00000000        0x0 c:/program files (x86)/atmel/studio/7.0/toolchain/avr8/avr8-gnu-toolchain/bin/../lib/gcc/avr/5.4.0/../../../../avr/lib/avr5/crtatmega32.o
 .bss           0x00000000        0x0 c:/program files (x86)/atmel/studio/7.0/toolchain/avr8/avr8-gnu-toolchain/bin/../lib/gcc/avr/5.4.0/../../../../avr/lib/avr5/crtatmega32.o
 .text          0x00000000        0x0 main.o
 .data          0x00000000        0x0 main.o
 .bss           0x00000000        0x0 main.o
 .text          0x00000000        0x0 MainController.o
 .data          0x00000000        0x0 MainController.o
 .bss           0x00000000        0x0 MainController.o
 .debug_line    0x00000000        0x0 MainController.o
 .debug_str     0x00000000      0x12a MainController.o
 .comment       0x00000000       0x31 MainController.o
 .text          0x00000000        0x0 MotorCtrl.o
 .data          0x00000000        0x0 MotorCtrl.o
 .bss           0x00000000        0x0 MotorCtrl.o
 .text          0x00000000        0x0 TestController.o
 .data          0x00000000        0x0 TestController.o
 .bss           0x00000000        0x0 TestController.o
 .text.TestController_HandleMessages
                0x00000000        0x2 TestController.o
 .data._testCtrl
                0x00000000        0x6 TestController.o
 .text          0x00000000        0x0 ../../Lib\libLiftLibrary.a(LiftLibrary.o)
 .data          0x00000000        0x0 ../../Lib\libLiftLibrary.a(LiftLibrary.o)
 .bss           0x00000000        0x0 ../../Lib\libLiftLibrary.a(LiftLibrary.o)
 .text.ReadKeyEvent
                0x00000000       0x16 ../../Lib\libLiftLibrary.a(LiftLibrary.o)
 .text.ReadDoorState
                0x00000000       0x10 ../../Lib\libLiftLibrary.a(LiftLibrary.o)
 .text.ReadElevatorState
                0x00000000        0x6 ../../Lib\libLiftLibrary.a(LiftLibrary.o)
 .text.SetIndicatorFloorState
                0x00000000       0x22 ../../Lib\libLiftLibrary.a(LiftLibrary.o)
 .text.SetIndicatorElevatorState
                0x00000000       0x20 ../../Lib\libLiftLibrary.a(LiftLibrary.o)
 .text.ClrIndicatorFloorState
                0x00000000       0x24 ../../Lib\libLiftLibrary.a(LiftLibrary.o)
 .text.ClrIndicatorElevatorState
                0x00000000       0x22 ../../Lib\libLiftLibrary.a(LiftLibrary.o)
 .text.StartTimer
                0x00000000       0x6e ../../Lib\libLiftLibrary.a(LiftLibrary.o)
 .text.StopTimer
                0x00000000       0x3e ../../Lib\libLiftLibrary.a(LiftLibrary.o)
 .text          0x00000000        0x0 c:/program files (x86)/atmel/studio/7.0/toolchain/avr8/avr8-gnu-toolchain/bin/../lib/gcc/avr/5.4.0/avr5\libgcc.a(_udivmodqi4.o)
 .data          0x00000000        0x0 c:/program files (x86)/atmel/studio/7.0/toolchain/avr8/avr8-gnu-toolchain/bin/../lib/gcc/avr/5.4.0/avr5\libgcc.a(_udivmodqi4.o)
 .bss           0x00000000        0x0 c:/program files (x86)/atmel/studio/7.0/toolchain/avr8/avr8-gnu-toolchain/bin/../lib/gcc/avr/5.4.0/avr5\libgcc.a(_udivmodqi4.o)
 .text.libgcc.mul
                0x00000000        0x0 c:/program files (x86)/atmel/studio/7.0/toolchain/avr8/avr8-gnu-toolchain/bin/../lib/gcc/avr/5.4.0/avr5\libgcc.a(_udivmodqi4.o)
 .text.libgcc   0x00000000        0x0 c:/program files (x86)/atmel/studio/7.0/toolchain/avr8/avr8-gnu-toolchain/bin/../lib/gcc/avr/5.4.0/avr5\libgcc.a(_udivmodqi4.o)
 .text.libgcc.prologue
                0x00000000        0x0 c:/program files (x86)/atmel/studio/7.0/toolchain/avr8/avr8-gnu-toolchain/bin/../lib/gcc/avr/5.4.0/avr5\libgcc.a(_udivmodqi4.o)
 .text.libgcc.builtins
                0x00000000        0x0 c:/program files (x86)/atmel/studio/7.0/toolchain/avr8/avr8-gnu-toolchain/bin/../lib/gcc/avr/5.4.0/avr5\libgcc.a(_udivmodqi4.o)
 .text.libgcc.fmul
                0x00000000        0x0 c:/program files (x86)/atmel/studio/7.0/toolchain/avr8/avr8-gnu-toolchain/bin/../lib/gcc/avr/5.4.0/avr5\libgcc.a(_udivmodqi4.o)
 .text.libgcc.fixed
                0x00000000        0x0 c:/program files (x86)/atmel/studio/7.0/toolchain/avr8/avr8-gnu-toolchain/bin/../lib/gcc/avr/5.4.0/avr5\libgcc.a(_udivmodqi4.o)
 .text          0x00000000        0x0 c:/program files (x86)/atmel/studio/7.0/toolchain/avr8/avr8-gnu-toolchain/bin/../lib/gcc/avr/5.4.0/avr5\libgcc.a(_exit.o)
 .data          0x00000000        0x0 c:/program files (x86)/atmel/studio/7.0/toolchain/avr8/avr8-gnu-toolchain/bin/../lib/gcc/avr/5.4.0/avr5\libgcc.a(_exit.o)
 .bss           0x00000000        0x0 c:/program files (x86)/atmel/studio/7.0/toolchain/avr8/avr8-gnu-toolchain/bin/../lib/gcc/avr/5.4.0/avr5\libgcc.a(_exit.o)
 .text.libgcc.mul
                0x00000000        0x0 c:/program files (x86)/atmel/studio/7.0/toolchain/avr8/avr8-gnu-toolchain/bin/../lib/gcc/avr/5.4.0/avr5\libgcc.a(_exit.o)
 .text.libgcc.div
                0x00000000        0x0 c:/program files (x86)/atmel/studio/7.0/toolchain/avr8/avr8-gnu-toolchain/bin/../lib/gcc/avr/5.4.0/avr5\libgcc.a(_exit.o)
 .text.libgcc   0x00000000        0x0 c:/program files (x86)/atmel/studio/7.0/toolchain/avr8/avr8-gnu-toolchain/bin/../lib/gcc/avr/5.4.0/avr5\libgcc.a(_exit.o)
 .text.libgcc.prologue
                0x00000000        0x0 c:/program files (x86)/atmel/studio/7.0/toolchain/avr8/avr8-gnu-toolchain/bin/../lib/gcc/avr/5.4.0/avr5\libgcc.a(_exit.o)
 .text.libgcc.builtins
                0x00000000        0x0 c:/program files (x86)/atmel/studio/7.0/toolchain/avr8/avr8-gnu-toolchain/bin/../lib/gcc/avr/5.4.0/avr5\libgcc.a(_exit.o)
 .text.libgcc.fmul
                0x00000000        0x0 c:/program files (x86)/atmel/studio/7.0/toolchain/avr8/avr8-gnu-toolchain/bin/../lib/gcc/avr/5.4.0/avr5\libgcc.a(_exit.o)
 .text.libgcc.fixed
                0x00000000        0x0 c:/program files (x86)/atmel/studio/7.0/toolchain/avr8/avr8-gnu-toolchain/bin/../lib/gcc/avr/5.4.0/avr5\libgcc.a(_exit.o)
 .text          0x00000000        0x0 c:/program files (x86)/atmel/studio/7.0/toolchain/avr8/avr8-gnu-toolchain/bin/../lib/gcc/avr/5.4.0/avr5\libgcc.a(_copy_data.o)
 .data          0x00000000        0x0 c:/program files (x86)/atmel/studio/7.0/toolchain/avr8/avr8-gnu-toolchain/bin/../lib/gcc/avr/5.4.0/avr5\libgcc.a(_copy_data.o)
 .bss           0x00000000        0x0 c:/program files (x86)/atmel/studio/7.0/toolchain/avr8/avr8-gnu-toolchain/bin/../lib/gcc/avr/5.4.0/avr5\libgcc.a(_copy_data.o)
 .text.libgcc.mul
                0x00000000        0x0 c:/program files (x86)/atmel/studio/7.0/toolchain/avr8/avr8-gnu-toolchain/bin/../lib/gcc/avr/5.4.0/avr5\libgcc.a(_copy_data.o)
 .text.libgcc.div
                0x00000000        0x0 c:/program files (x86)/atmel/studio/7.0/toolchain/avr8/avr8-gnu-toolchain/bin/../lib/gcc/avr/5.4.0/avr5\libgcc.a(_copy_data.o)
 .text.libgcc   0x00000000        0x0 c:/program files (x86)/atmel/studio/7.0/toolchain/avr8/avr8-gnu-toolchain/bin/../lib/gcc/avr/5.4.0/avr5\libgcc.a(_copy_data.o)
 .text.libgcc.prologue
                0x00000000        0x0 c:/program files (x86)/atmel/studio/7.0/toolchain/avr8/avr8-gnu-toolchain/bin/../lib/gcc/avr/5.4.0/avr5\libgcc.a(_copy_data.o)
 .text.libgcc.builtins
                0x00000000        0x0 c:/program files (x86)/atmel/studio/7.0/toolchain/avr8/avr8-gnu-toolchain/bin/../lib/gcc/avr/5.4.0/avr5\libgcc.a(_copy_data.o)
 .text.libgcc.fmul
                0x00000000        0x0 c:/program files (x86)/atmel/studio/7.0/toolchain/avr8/avr8-gnu-toolchain/bin/../lib/gcc/avr/5.4.0/avr5\libgcc.a(_copy_data.o)
 .text.libgcc.fixed
                0x00000000        0x0 c:/program files (x86)/atmel/studio/7.0/toolchain/avr8/avr8-gnu-toolchain/bin/../lib/gcc/avr/5.4.0/avr5\libgcc.a(_copy_data.o)
 .text          0x00000000        0x0 c:/program files (x86)/atmel/studio/7.0/toolchain/avr8/avr8-gnu-toolchain/bin/../lib/gcc/avr/5.4.0/avr5\libgcc.a(_clear_bss.o)
 .data          0x00000000        0x0 c:/program files (x86)/atmel/studio/7.0/toolchain/avr8/avr8-gnu-toolchain/bin/../lib/gcc/avr/5.4.0/avr5\libgcc.a(_clear_bss.o)
 .bss           0x00000000        0x0 c:/program files (x86)/atmel/studio/7.0/toolchain/avr8/avr8-gnu-toolchain/bin/../lib/gcc/avr/5.4.0/avr5\libgcc.a(_clear_bss.o)
 .text.libgcc.mul
                0x00000000        0x0 c:/program files (x86)/atmel/studio/7.0/toolchain/avr8/avr8-gnu-toolchain/bin/../lib/gcc/avr/5.4.0/avr5\libgcc.a(_clear_bss.o)
 .text.libgcc.div
                0x00000000        0x0 c:/program files (x86)/atmel/studio/7.0/toolchain/avr8/avr8-gnu-toolchain/bin/../lib/gcc/avr/5.4.0/avr5\libgcc.a(_clear_bss.o)
 .text.libgcc   0x00000000        0x0 c:/program files (x86)/atmel/studio/7.0/toolchain/avr8/avr8-gnu-toolchain/bin/../lib/gcc/avr/5.4.0/avr5\libgcc.a(_clear_bss.o)
 .text.libgcc.prologue
                0x00000000        0x0 c:/program files (x86)/atmel/studio/7.0/toolchain/avr8/avr8-gnu-toolchain/bin/../lib/gcc/avr/5.4.0/avr5\libgcc.a(_clear_bss.o)
 .text.libgcc.builtins
                0x00000000        0x0 c:/program files (x86)/atmel/studio/7.0/toolchain/avr8/avr8-gnu-toolchain/bin/../lib/gcc/avr/5.4.0/avr5\libgcc.a(_clear_bss.o)
 .text.libgcc.fmul
                0x00000000        0x0 c:/program files (x86)/atmel/studio/7.0/toolchain/avr8/avr8-gnu-toolchain/bin/../lib/gcc/avr/5.4.0/avr5\libgcc.a(_clear_bss.o)
 .text.libgcc.fixed
                0x00000000        0x0 c:/program files (x86)/atmel/studio/7.0/toolchain/avr8/avr8-gnu-toolchain/bin/../lib/gcc/avr/5.4.0/avr5\libgcc.a(_clear_bss.o)

Memory Configuration

Name             Origin             Length             Attributes
text             0x00000000         0x00008000         xr
data             0x00800060         0x00000800         rw !x
eeprom           0x00810000         0x00000400         rw !x
fuse             0x00820000         0x00000002         rw !x
lock             0x00830000         0x00000400         rw !x
signature        0x00840000         0x00000400         rw !x
user_signatures  0x00850000         0x00000400         rw !x
*default*        0x00000000         0xffffffff

Linker script and memory map

LOAD c:/program files (x86)/atmel/studio/7.0/toolchain/avr8/avr8-gnu-toolchain/bin/../lib/gcc/avr/5.4.0/../../../../avr/lib/avr5/crtatmega32.o
LOAD main.o
LOAD MainController.o
LOAD MotorCtrl.o
LOAD TestController.o
START GROUP
LOAD c:/program files (x86)/atmel/studio/7.0/toolchain/avr8/avr8-gnu-toolchain/bin/../lib/gcc/avr/5.4.0/../../../../avr/lib/avr5\libm.a
LOAD ../../Lib\libLiftLibrary.a
END GROUP
START GROUP
LOAD c:/program files (x86)/atmel/studio/7.0/toolchain/avr8/avr8-gnu-toolchain/bin/../lib/gcc/avr/5.4.0/avr5\libgcc.a
LOAD c:/program files (x86)/atmel/studio/7.0/toolchain/avr8/avr8-gnu-toolchain/bin/../lib/gcc/avr/5.4.0/../../../../avr/lib/avr5\libm.a
LOAD c:/program files (x86)/atmel/studio/7.0/toolchain/avr8/avr8-gnu-toolchain/bin/../lib/gcc/avr/5.4.0/../../../../avr/lib/avr5\libc.a
LOAD c:/program files (x86)/atmel/studio/7.0/toolchain/avr8/avr8-gnu-toolchain/bin/../lib/gcc/avr/5.4.0/../../../../avr/lib/avr5\libatmega32.a
END GROUP
                0x00000000                __TEXT_REGION_ORIGIN__ = DEFINED (__TEXT_REGION_ORIGIN__)?__TEXT_REGION_ORIGIN__:0x0
                [0x00800060]                __DATA_REGION_ORIGIN__ = DEFINED (__DATA_REGION_ORIGIN__)?__DATA_REGION_ORIGIN__:0x800060
                [0x00008000]                __TEXT_REGION_LENGTH__ = DEFINED (__TEXT_REGION_LENGTH__)?__TEXT_REGION_LENGTH__:0x20000
                [0x00000800]                __DATA_REGION_LENGTH__ = DEFINED (__DATA_REGION_LENGTH__)?__DATA_REGION_LENGTH__:0xffa0
                [0x00000400]                __EEPROM_REGION_LENGTH__ = DEFINED (__EEPROM_REGION_LENGTH__)?__EEPROM_REGION_LENGTH__:0x10000
                [0x00000002]                __FUSE_REGION_LENGTH__ = DEFINED (__FUSE_REGION_LENGTH__)?__FUSE_REGION_LENGTH__:0x400
                0x00000400                __LOCK_REGION_LENGTH__ = DEFINED (__LOCK_REGION_LENGTH__)?__LOCK_REGION_LENGTH__:0x400
                0x00000400                __SIGNATURE_REGION_LENGTH__ = DEFINED (__SIGNATURE_REGION_LENGTH__)?__SIGNATURE_REGION_LENGTH__:0x400
                0x00000400                __USER_SIGNATURE_REGION_LENGTH__ = DEFINED (__USER_SIGNATURE_REGION_LENGTH__)?__USER_SIGNATURE_REGION_LENGTH__:0x400

.hash
 *(.hash)

.dynsym
 *(.dynsym)

.dynstr
 *(.dynstr)

.gnu.version
 *(.gnu.version)

.gnu.version_d
 *(.gnu.version_d)

.gnu.version_r
 *(.gnu.version_r)

.rel.init
 *(.rel.init)

.rela.init
 *(.rela.init)

.rel.text
 *(.rel.text)
 *(.rel.text.*)
 *(.rel.gnu.linkonce.t*)

.rela.text
 *(.rela.text)
 *(.rela.text.*)
 *(.rela.gnu.linkonce.t*)

.rel.fini
 *(.rel.fini)

.rela.fini
 *(.rela.fini)

.rel.rodata
 *(.rel.rodata)
 *(.rel.rodata.*)
 *(.rel.gnu.linkonce.r*)

.rela.rodata
 *(.rela.rodata)
 *(.rela.rodata.*)
 *(.rela.gnu.linkonce.r*)

.rel.data
 *(.rel.data)
 *(.rel.data.*)
 *(.rel.gnu.linkonce.d*)

.rela.data
 *(.rela.data)
 *(.rela.data.*)
 *(.rela.gnu.linkonce.d*)

.rel.ctors
 *(.rel.ctors)

.rela.ctors
 *(.rela.ctors)

.rel.dtors
 *(.rel.dtors)

.rela.dtors
 *(.rela.dtors)

.rel.got
 *(.rel.got)

.rela.got
 *(.rela.got)

.rel.bss
 *(.rel.bss)

.rela.bss
 *(.rela.bss)

.rel.plt
 *(.rel.plt)

.rela.plt
 *(.rela.plt)

.text           0x00000000      0x9f8
 *(.vectors)
 .vectors       0x00000000       0x54 c:/program files (x86)/atmel/studio/7.0/toolchain/avr8/avr8-gnu-toolchain/bin/../lib/gcc/avr/5.4.0/../../../../avr/lib/avr5/crtatmega32.o
                0x00000000                __vector_default
                0x00000000                __vectors
 *(.vectors)
 *(.progmem.gcc*)
                0x00000054                . = ALIGN (0x2)
                0x00000054                __trampolines_start = .
 *(.trampolines)
 .trampolines   0x00000054        0x0 linker stubs
 *(.trampolines*)
                0x00000054                __trampolines_end = .
 *libprintf_flt.a:*(.progmem.data)
 *libc.a:*(.progmem.data)
 *(.progmem*)
                0x00000054                . = ALIGN (0x2)
 *(.jumptables)
 *(.jumptables*)
 *(.lowtext)
 *(.lowtext*)
                0x00000054                __ctors_start = .
 *(.ctors)
                0x00000054                __ctors_end = .
                0x00000054                __dtors_start = .
 *(.dtors)
                0x00000054                __dtors_end = .
 SORT(*)(.ctors)
 SORT(*)(.dtors)
 *(.init0)
 .init0         0x00000054        0x0 c:/program files (x86)/atmel/studio/7.0/toolchain/avr8/avr8-gnu-toolchain/bin/../lib/gcc/avr/5.4.0/../../../../avr/lib/avr5/crtatmega32.o
                0x00000054                __init
 *(.init0)
 *(.init1)
 *(.init1)
 *(.init2)
 .init2         0x00000054        0xc c:/program files (x86)/atmel/studio/7.0/toolchain/avr8/avr8-gnu-toolchain/bin/../lib/gcc/avr/5.4.0/../../../../avr/lib/avr5/crtatmega32.o
 *(.init2)
 *(.init3)
 *(.init3)
 *(.init4)
 .init4         0x00000060       0x16 c:/program files (x86)/atmel/studio/7.0/toolchain/avr8/avr8-gnu-toolchain/bin/../lib/gcc/avr/5.4.0/avr5\libgcc.a(_copy_data.o)
                0x00000060                __do_copy_data
 .init4         0x00000076       0x10 c:/program files (x86)/atmel/studio/7.0/toolchain/avr8/avr8-gnu-toolchain/bin/../lib/gcc/avr/5.4.0/avr5\libgcc.a(_clear_bss.o)
                0x00000076                __do_clear_bss
 *(.init4)
 *(.init5)
 *(.init5)
 *(.init6)
 *(.init6)
 *(.init7)
 *(.init7)
 *(.init8)
 *(.init8)
 *(.init9)
 .init9         0x00000086        0x8 c:/program files (x86)/atmel/studio/7.0/toolchain/avr8/avr8-gnu-toolchain/bin/../lib/gcc/avr/5.4.0/../../../../avr/lib/avr5/crtatmega32.o
 *(.init9)
 *(.text)
 .text          0x0000008e        0x4 c:/program files (x86)/atmel/studio/7.0/toolchain/avr8/avr8-gnu-toolchain/bin/../lib/gcc/avr/5.4.0/../../../../avr/lib/avr5/crtatmega32.o
                0x0000008e                __vector_12
                0x0000008e                __bad_interrupt
                0x0000008e                __vector_6
                0x0000008e                __vector_3
                0x0000008e                __vector_11
                0x0000008e                __vector_17
                0x0000008e                __vector_19
                0x0000008e                __vector_5
                0x0000008e                __vector_4
                0x0000008e                __vector_9
                0x0000008e                __vector_2
                0x0000008e                __vector_15
                0x0000008e                __vector_8
                0x0000008e                __vector_14
                0x0000008e                __vector_16
                0x0000008e                __vector_18
                0x0000008e                __vector_20
                0x00000092                . = ALIGN (0x2)
 *(.text.*)
 .text.main     0x00000092       0x22 main.o
                0x00000092                main
 .text.NotifyCalibrationDone
                0x000000b4       0x3a MotorCtrl.o
                0x000000b4                NotifyCalibrationDone
 .text.OnElevatorPositionChanged
                0x000000ee        0xe MotorCtrl.o
                0x000000ee                OnElevatorPositionChanged
 .text.MotorCtrl_Initializing
                0x000000fc       0x2a MotorCtrl.o
                0x000000fc                MotorCtrl_Initializing
 .text.MotorCtrl_Stopped
                0x00000126       0x36 MotorCtrl.o
                0x00000126                MotorCtrl_Stopped
 .text.MotorCtrl_AwaitOpen
                0x0000015c       0x20 MotorCtrl.o
                0x0000015c                MotorCtrl_AwaitOpen
 .text.MotorCtrl_Moving
                0x0000017c       0x3c MotorCtrl.o
                0x0000017c                MotorCtrl_Moving
 .text.TestFunction
                0x000001b8       0x34 TestController.o
                0x000001b8                TestFunction
 .text.EnterAtomic
                0x000001ec        0xe ../../Lib\libLiftLibrary.a(LiftLibrary.o)
                0x000001ec                EnterAtomic
 .text.LeaveAtomic
                0x000001fa       0x12 ../../Lib\libLiftLibrary.a(LiftLibrary.o)
                0x000001fa                LeaveAtomic
 .text.SetState
                0x0000020c       0x20 ../../Lib\libLiftLibrary.a(LiftLibrary.o)
                0x0000020c                SetState
 .text.RegisterFsm
                0x0000022c       0x2a ../../Lib\libLiftLibrary.a(LiftLibrary.o)
                0x0000022c                RegisterFsm
 .text.DispatchEvent
                0x00000256       0x76 ../../Lib\libLiftLibrary.a(LiftLibrary.o)
                0x00000256                DispatchEvent
 .text.InitializeCounter
                0x000002cc       0x2a ../../Lib\libLiftLibrary.a(LiftLibrary.o)
                0x000002cc                InitializeCounter
 .text.SetDoorState
                0x000002f6       0x3a ../../Lib\libLiftLibrary.a(LiftLibrary.o)
                0x000002f6                SetDoorState
 .text.MoveElevator
                0x00000330       0x28 ../../Lib\libLiftLibrary.a(LiftLibrary.o)
                0x00000330                MoveElevator
 .text.CalibrateElevatorPosition
                0x00000358        0x8 ../../Lib\libLiftLibrary.a(LiftLibrary.o)
                0x00000358                CalibrateElevatorPosition
 .text.SetDisplay
                0x00000360        0x6 ../../Lib\libLiftLibrary.a(LiftLibrary.o)
                0x00000360                SetDisplay
 .text.RegisterTestHandler
                0x00000366        0xa ../../Lib\libLiftLibrary.a(LiftLibrary.o)
                0x00000366                RegisterTestHandler
 .text.Usart_Init
                0x00000370       0x12 ../../Lib\libLiftLibrary.a(LiftLibrary.o)
                0x00000370                Usart_Init
 .text.InitializePorts
                0x00000382       0x1c ../../Lib\libLiftLibrary.a(LiftLibrary.o)
                0x00000382                InitializePorts
 .text.Usart_PutChar
                0x0000039e        0x8 ../../Lib\libLiftLibrary.a(LiftLibrary.o)
                0x0000039e                Usart_PutChar
 .text.SendEvent
                0x000003a6       0x76 ../../Lib\libLiftLibrary.a(LiftLibrary.o)
                0x000003a6                SendEvent
 .text.MakeDoorStates
                0x0000041c       0x8a ../../Lib\libLiftLibrary.a(LiftLibrary.o)
                0x0000041c                MakeDoorStates
 .text.ProcessMessage
                0x000004a6       0x8a ../../Lib\libLiftLibrary.a(LiftLibrary.o)
                0x000004a6                ProcessMessage
 .text.HandleMessage
                0x00000530       0x52 ../../Lib\libLiftLibrary.a(LiftLibrary.o)
                0x00000530                HandleMessage
 .text.SetInputOutput
                0x00000582      0x1bc ../../Lib\libLiftLibrary.a(LiftLibrary.o)
                0x00000582                SetInputOutput
 .text.InitializeStart
                0x0000073e       0x66 ../../Lib\libLiftLibrary.a(LiftLibrary.o)
                0x0000073e                InitializeStart
 .text.__vector_1
                0x000007a4       0x68 ../../Lib\libLiftLibrary.a(LiftLibrary.o)
                0x000007a4                __vector_1
 .text.__vector_13
                0x0000080c       0x6c ../../Lib\libLiftLibrary.a(LiftLibrary.o)
                0x0000080c                __vector_13
 .text.__vector_7
                0x00000878       0xa2 ../../Lib\libLiftLibrary.a(LiftLibrary.o)
                0x00000878                __vector_7
 .text.__vector_10
                0x0000091a       0xc2 ../../Lib\libLiftLibrary.a(LiftLibrary.o)
                0x0000091a                __vector_10
 .text.libgcc.div
                0x000009dc       0x18 c:/program files (x86)/atmel/studio/7.0/toolchain/avr8/avr8-gnu-toolchain/bin/../lib/gcc/avr/5.4.0/avr5\libgcc.a(_udivmodqi4.o)
                0x000009dc                __udivmodqi4
                0x000009f4                . = ALIGN (0x2)
 *(.fini9)
 .fini9         0x000009f4        0x0 c:/program files (x86)/atmel/studio/7.0/toolchain/avr8/avr8-gnu-toolchain/bin/../lib/gcc/avr/5.4.0/avr5\libgcc.a(_exit.o)
                0x000009f4                _exit
                0x000009f4                exit
 *(.fini9)
 *(.fini8)
 *(.fini8)
 *(.fini7)
 *(.fini7)
 *(.fini6)
 *(.fini6)
 *(.fini5)
 *(.fini5)
 *(.fini4)
 *(.fini4)
 *(.fini3)
 *(.fini3)
 *(.fini2)
 *(.fini2)
 *(.fini1)
 *(.fini1)
 *(.fini0)
 .fini0         0x000009f4        0x4 c:/program files (x86)/atmel/studio/7.0/toolchain/avr8/avr8-gnu-toolchain/bin/../lib/gcc/avr/5.4.0/avr5\libgcc.a(_exit.o)
 *(.fini0)
                0x000009f8                _etext = .

.data           0x00800060       0x26 load address 0x000009f8
                0x00800060                PROVIDE (__data_start, .)
 *(.data)
 *(.data*)
 .data._motorCtrl
                0x00800060        0x7 MotorCtrl.o
                0x00800060                _motorCtrl
 .data.anchor   0x00800067        0x5 ../../Lib\libLiftLibrary.a(LiftLibrary.o)
 .data.Elevator
                0x0080006c        0x7 ../../Lib\libLiftLibrary.a(LiftLibrary.o)
 .data.doorPositions
                0x00800073        0x5 ../../Lib\libLiftLibrary.a(LiftLibrary.o)
                0x00800073                doorPositions
 *(.gnu.linkonce.d*)
 *(.rodata)
 *(.rodata*)
 .rodata.str1.1
                0x00800078        0xd TestController.o
 *(.gnu.linkonce.r*)
                0x00800086                . = ALIGN (0x2)
 *fill*         0x00800085        0x1 
                0x00800086                _edata = .
                0x00800086                PROVIDE (__data_end, .)

.bss            0x00800086       0xe8
                0x00800086                PROVIDE (__bss_start, .)
 *(.bss)
 *(.bss*)
 .bss.DoorTick.1963
                0x00800086        0x1 ../../Lib\libLiftLibrary.a(LiftLibrary.o)
 .bss.ElevatorTick.1962
                0x00800087        0x1 ../../Lib\libLiftLibrary.a(LiftLibrary.o)
 .bss.terminalRefreshCounter.1887
                0x00800088        0x2 ../../Lib\libLiftLibrary.a(LiftLibrary.o)
 .bss.buttonRefreshCounter.1886
                0x0080008a        0x1 ../../Lib\libLiftLibrary.a(LiftLibrary.o)
 .bss.doorRefreshCounter.1885
                0x0080008b        0x1 ../../Lib\libLiftLibrary.a(LiftLibrary.o)
 .bss.outputRefreshCounter.1884
                0x0080008c        0x2 ../../Lib\libLiftLibrary.a(LiftLibrary.o)
 .bss.msgBuffer.1869
                0x0080008e        0xe ../../Lib\libLiftLibrary.a(LiftLibrary.o)
 .bss.bufferIndex.1870
                0x0080009c        0x1 ../../Lib\libLiftLibrary.a(LiftLibrary.o)
 .bss.msgLen.1872
                0x0080009d        0x1 ../../Lib\libLiftLibrary.a(LiftLibrary.o)
 .bss.msgType.1871
                0x0080009e        0x1 ../../Lib\libLiftLibrary.a(LiftLibrary.o)
 .bss.msgQ_out  0x0080009f        0x1 ../../Lib\libLiftLibrary.a(LiftLibrary.o)
 .bss.msgQ_in   0x008000a0        0x1 ../../Lib\libLiftLibrary.a(LiftLibrary.o)
 .bss.msgQueue  0x008000a1       0x80 ../../Lib\libLiftLibrary.a(LiftLibrary.o)
 .bss.enterAtomicNesting
                0x00800121        0x1 ../../Lib\libLiftLibrary.a(LiftLibrary.o)
 .bss.EnableStatusUpdate
                0x00800122        0x1 ../../Lib\libLiftLibrary.a(LiftLibrary.o)
                0x00800122                EnableStatusUpdate
 .bss.OpenDoors
                0x00800123        0x1 ../../Lib\libLiftLibrary.a(LiftLibrary.o)
 .bss.SystemState
                0x00800124        0x1 ../../Lib\libLiftLibrary.a(LiftLibrary.o)
                0x00800124                SystemState
 .bss.ButtonState
                0x00800125        0x2 ../../Lib\libLiftLibrary.a(LiftLibrary.o)
                0x00800125                ButtonState
 .bss._testHandler
                0x00800127        0x2 ../../Lib\libLiftLibrary.a(LiftLibrary.o)
 .bss.doorframe
                0x00800129        0x1 ../../Lib\libLiftLibrary.a(LiftLibrary.o)
 .bss.liftPosDisplay_On
                0x0080012a        0x1 ../../Lib\libLiftLibrary.a(LiftLibrary.o)
 .bss.displayCache
                0x0080012b        0x1 ../../Lib\libLiftLibrary.a(LiftLibrary.o)
 .bss.buttonFloorLed
                0x0080012c        0x1 ../../Lib\libLiftLibrary.a(LiftLibrary.o)
 .bss.buttonFloorLed_On
                0x0080012d        0x1 ../../Lib\libLiftLibrary.a(LiftLibrary.o)
 .bss.buttonLiftLed
                0x0080012e        0x1 ../../Lib\libLiftLibrary.a(LiftLibrary.o)
 .bss.buttonLiftLed_on
                0x0080012f        0x1 ../../Lib\libLiftLibrary.a(LiftLibrary.o)
 .bss.floorDisplayPort
                0x00800130        0x1 ../../Lib\libLiftLibrary.a(LiftLibrary.o)
 .bss.liftDisplay7Seg
                0x00800131        0x1 ../../Lib\libLiftLibrary.a(LiftLibrary.o)
 .bss.liftDisplay7Seg_On
                0x00800132        0x1 ../../Lib\libLiftLibrary.a(LiftLibrary.o)
 .bss.WaitingTimer
                0x00800133       0x10 ../../Lib\libLiftLibrary.a(LiftLibrary.o)
 .bss.UsedTimers
                0x00800143        0x1 ../../Lib\libLiftLibrary.a(LiftLibrary.o)
 .bss.USART_rxBufferOut
                0x00800144        0x1 ../../Lib\libLiftLibrary.a(LiftLibrary.o)
 .bss.USART_rxBufferIn
                0x00800145        0x1 ../../Lib\libLiftLibrary.a(LiftLibrary.o)
 *(COMMON)
 COMMON         0x00800146       0x28 ../../Lib\libLiftLibrary.a(LiftLibrary.o)
                0x00800146                USART_rxBuffer
                0x00800166                liftDoorState
                0x0080016e                PROVIDE (__bss_end, .)
                0x000009f8                __data_load_start = LOADADDR (.data)
                0x00000a1e                __data_load_end = (__data_load_start + SIZEOF (.data))

.noinit         0x0080016e        0x0
                [!provide]                PROVIDE (__noinit_start, .)
 *(.noinit*)
                [!provide]                PROVIDE (__noinit_end, .)
                0x0080016e                _end = .
                [!provide]                PROVIDE (__heap_start, .)

.eeprom         0x00810000        0x0
 *(.eeprom*)
                0x00810000                __eeprom_end = .

.fuse
 *(.fuse)
 *(.lfuse)
 *(.hfuse)
 *(.efuse)

.lock
 *(.lock*)

.signature
 *(.signature*)

.user_signatures
 *(.user_signatures*)

.stab
 *(.stab)

.stabstr
 *(.stabstr)

.stab.excl
 *(.stab.excl)

.stab.exclstr
 *(.stab.exclstr)

.stab.index
 *(.stab.index)

.stab.indexstr
 *(.stab.indexstr)

.comment        0x00000000       0x60
 *(.comment)
 .comment       0x00000000       0x30 main.o
                                 0x31 (size before relaxing)
 .comment       0x00000030       0x31 MotorCtrl.o
 .comment       0x00000030       0x30 TestController.o
                                 0x31 (size before relaxing)
 .comment       0x00000060       0x31 ../../Lib\libLiftLibrary.a(LiftLibrary.o)

.note.gnu.avr.deviceinfo
                0x00000000       0x3c
 .note.gnu.avr.deviceinfo
                0x00000000       0x3c c:/program files (x86)/atmel/studio/7.0/toolchain/avr8/avr8-gnu-toolchain/bin/../lib/gcc/avr/5.4.0/../../../../avr/lib/avr5/crtatmega32.o

.note.gnu.build-id
 *(.note.gnu.build-id)

.debug
 *(.debug)

.line
 *(.line)

.debug_srcinfo
 *(.debug_srcinfo)

.debug_sfnames
 *(.debug_sfnames)

.debug_aranges  0x00000000      0x1b0
 *(.debug_aranges)
 .debug_aranges
                0x00000000       0x20 main.o
 .debug_aranges
                0x00000020       0x48 MotorCtrl.o
 .debug_aranges
                0x00000068       0x28 TestController.o
 .debug_aranges
                0x00000090      0x120 ../../Lib\libLiftLibrary.a(LiftLibrary.o)

.debug_pubnames
 *(.debug_pubnames)

.debug_info     0x00000000     0x210c
 *(.debug_info .gnu.linkonce.wi.*)
 .debug_info    0x00000000      0x4e6 c:/program files (x86)/atmel/studio/7.0/toolchain/avr8/avr8-gnu-toolchain/bin/../lib/gcc/avr/5.4.0/../../../../avr/lib/avr5/crtatmega32.o
 .debug_info    0x000004e6      0x23e main.o
 .debug_info    0x00000724      0x55b MotorCtrl.o
 .debug_info    0x00000c7f      0x291 TestController.o
 .debug_info    0x00000f10     0x11fc ../../Lib\libLiftLibrary.a(LiftLibrary.o)

.debug_abbrev   0x00000000      0xcad
 *(.debug_abbrev)
 .debug_abbrev  0x00000000      0x4a3 c:/program files (x86)/atmel/studio/7.0/toolchain/avr8/avr8-gnu-toolchain/bin/../lib/gcc/avr/5.4.0/../../../../avr/lib/avr5/crtatmega32.o
 .debug_abbrev  0x000004a3      0x119 main.o
 .debug_abbrev  0x000005bc      0x182 MotorCtrl.o
 .debug_abbrev  0x0000073e      0x180 TestController.o
 .debug_abbrev  0x000008be      0x3ef ../../Lib\libLiftLibrary.a(LiftLibrary.o)

.debug_line     0x00000000      0xce5
 *(.debug_line .debug_line.* .debug_line_end)
 .debug_line    0x00000000       0x1a c:/program files (x86)/atmel/studio/7.0/toolchain/avr8/avr8-gnu-toolchain/bin/../lib/gcc/avr/5.4.0/../../../../avr/lib/avr5/crtatmega32.o
 .debug_line    0x0000001a       0xef main.o
 .debug_line    0x00000109      0x1e1 MotorCtrl.o
 .debug_line    0x000002ea      0x10f TestController.o
 .debug_line    0x000003f9      0x8ec ../../Lib\libLiftLibrary.a(LiftLibrary.o)

.debug_frame    0x00000000      0x4e0
 *(.debug_frame)
 .debug_frame   0x00000000       0x24 main.o
 .debug_frame   0x00000024       0x9c MotorCtrl.o
 .debug_frame   0x000000c0       0x40 TestController.o
 .debug_frame   0x00000100      0x3e0 ../../Lib\libLiftLibrary.a(LiftLibrary.o)

.debug_str      0x00000000      0xf55
 *(.debug_str)
 .debug_str     0x00000000      0x196 c:/program files (x86)/atmel/studio/7.0/toolchain/avr8/avr8-gnu-toolchain/bin/../lib/gcc/avr/5.4.0/../../../../avr/lib/avr5/crtatmega32.o
 .debug_str     0x00000196      0x22e main.o
                                0x26a (size before relaxing)
 .debug_str     0x000003c4      0x260 MotorCtrl.o
                                0x46e (size before relaxing)
 .debug_str     0x00000624       0xf5 TestController.o
                                0x32d (size before relaxing)
 .debug_str     0x00000719      0x83c ../../Lib\libLiftLibrary.a(LiftLibrary.o)
                                0xb34 (size before relaxing)

.debug_loc      0x00000000     0x11ae
 *(.debug_loc)
 .debug_loc     0x00000000      0x275 MotorCtrl.o
 .debug_loc     0x00000275       0xe2 TestController.o
 .debug_loc     0x00000357      0xe57 ../../Lib\libLiftLibrary.a(LiftLibrary.o)

.debug_macinfo
 *(.debug_macinfo)

.debug_weaknames
 *(.debug_weaknames)

.debug_funcnames
 *(.debug_funcnames)

.debug_typenames
 *(.debug_typenames)

.debug_varnames
 *(.debug_varnames)

.debug_pubtypes
 *(.debug_pubtypes)

.debug_ranges   0x00000000      0x170
 *(.debug_ranges)
 .debug_ranges  0x00000000       0x10 main.o
 .debug_ranges  0x00000010       0x38 MotorCtrl.o
 .debug_ranges  0x00000048       0x18 TestController.o
 .debug_ranges  0x00000060      0x110 ../../Lib\libLiftLibrary.a(LiftLibrary.o)

.debug_macro
 *(.debug_macro)
OUTPUT(LiftSimulation.elf elf32-avr)
LOAD linker stubs
